Pulled Nginx image to ECR. 

[ec2-user@ip-172-31-27-59 ~]$ sudo su -
Last login: Sat Mar 25 15:19:01 UTC 2023 on pts/0
[root@ip-172-31-27-59 ~]# aws ecr-public get-login-password --region us-east-1 | docker login --username AWS --password-stdin public.ecr.aws/u5w5x0x7
WARNING! Your password will be stored unencrypted in /root/.docker/config.json.
Configure a credential helper to remove this warning. See
https://docs.docker.com/engine/reference/commandline/login/#credentials-store

Login Succeeded
[root@ip-172-31-27-59 ~]# docker build -t nginx .
unable to prepare context: unable to evaluate symlinks in Dockerfile path: lstat /root/Dockerfile: no such file or directory
[root@ip-172-31-27-59 ~]# vi Dockerfile
[root@ip-172-31-27-59 ~]# docker build -t nginx .
Sending build context to Docker daemon  16.64MB
Step 1/5 : FROM nginx
 ---> ac232364af84
Step 2/5 : RUN apt-get update && apt-get upgrade -y
 ---> Running in f988f9229454
Get:1 http://deb.debian.org/debian bullseye InRelease [116 kB]
Get:2 http://deb.debian.org/debian-security bullseye-security InRelease [48.4 kB]
Get:3 http://deb.debian.org/debian bullseye-updates InRelease [44.1 kB]
Get:4 http://deb.debian.org/debian bullseye/main amd64 Packages [8183 kB]
Get:5 http://deb.debian.org/debian-security bullseye-security/main amd64 Packages [236 kB]
Get:6 http://deb.debian.org/debian bullseye-updates/main amd64 Packages [14.6 kB]
Fetched 8642 kB in 2s (5397 kB/s)
Reading package lists...
Reading package lists...
Building dependency tree...
Reading state information...
Calculating upgrade...
0 upgraded, 0 newly installed, 0 to remove and 0 not upgraded.
Removing intermediate container f988f9229454
 ---> d8df9f368412
Step 3/5 : COPY index.html /usr/share/nginx/html
COPY failed: file not found in build context or excluded by .dockerignore: stat index.html: file does not exist
[root@ip-172-31-27-59 ~]# docker tag nginx:latest public.ecr.aws/u5w5x0x7/nginx:latest
[root@ip-172-31-27-59 ~]# docker push public.ecr.aws/u5w5x0x7/nginx:latest
The push refers to repository [public.ecr.aws/u5w5x0x7/nginx]
a1bd4a5c5a79: Pushed 
597a12cbab02: Pushed 
8820623d95b7: Pushed 
338a545766ba: Pushed 
e65242c66bbe: Pushed 
3af14c9a24c9: Pushed 
latest: digest: sha256:557c9ede65655e5a70e4a32f1651638ea3bfb0802edd982810884602f700ba25 size: 1570
[root@ip-172-31-27-59 ~]# 


Dockerfile code. 

 FROM nginx
 
 RUN apt-get update && apt-get upgrade -y
 
 COPY index.html /usr/share/nginx/html
 
 EXPOSE 8080
 
 CMD ["nginx", "-g", "daemon off;"]


https://prnt.sc/IC6Q28hmR2W6



The created a ECS cluster and added task definition with the uplaoded image. 


https://prnt.sc/-BkMD1O-lf9r

https://prnt.sc/gJNQ2sVcUiwu

While adding services  inside ECS cluster along with it attached a ALB with target group .

Then calling the load balancer dns name.  it will shows the nginx default psge as below. 


https://prnt.sc/AIyMK5IH1ABz






